Microsoft Windows [Version 10.0.22621.3007]
(c) Microsoft Corporation. All rights reserved.

D:\GITHUB_T2401E>git init
Initialized empty Git repository in D:/GITHUB_T2401E/.git/

D:\GITHUB_T2401E>dir
 Volume in drive D is New Volume
 Volume Serial Number is DA5B-8A2E

 Directory of D:\GITHUB_T2401E

02/26/2024  08:36 PM    <DIR>          .
02/26/2024  08:34 PM    <DIR>          C
               0 File(s)              0 bytes
               2 Dir(s)  259,596,922,880 bytes free

D:\GITHUB_T2401E>git add .

D:\GITHUB_T2401E>git commit -m "first commit"
Author identity unknown

*** Please tell me who you are.

Run

  git config --global user.email "you@example.com"
  git config --global user.name "Your Name"

to set your account's default identity.
Omit --global to set the identity only in this repository.

fatal: unable to auto-detect email address (got 'lvdmo@PC.(none)')

D:\GITHUB_T2401E>git remote add origin https://github.com/LEVEAN2002/T2401E.git

D:\GITHUB_T2401E>git push origin master
error: src refspec master does not match any
error: failed to push some refs to 'https://github.com/LEVEAN2002/T2401E.git'

D:\GITHUB_T2401E>git commit -m "first commit"
Author identity unknown

*** Please tell me who you are.

Run

  git config --global user.email "you@example.com"
  git config --global user.name "Your Name"

to set your account's default identity.
Omit --global to set the identity only in this repository.

fatal: unable to auto-detect email address (got 'lvdmo@PC.(none)')

D:\GITHUB_T2401E>git config --global user.email "lvdmodpsteam@gmail.com"

D:\GITHUB_T2401E>git config --global user.name "LEVEAN2002"

D:\GITHUB_T2401E>git add .

D:\GITHUB_T2401E>git commit -m "first commit"
[master (root-commit) da0b41f] first commit
 1 file changed, 0 insertions(+), 0 deletions(-)
 create mode 100644 C/ifwer.txt

D:\GITHUB_T2401E>git push origin master
info: please complete authentication in your browser...
Enumerating objects: 4, done.
Counting objects: 100% (4/4), done.
Writing objects: 100% (4/4), 255 bytes | 255.00 KiB/s, done.
Total 4 (delta 0), reused 0 (delta 0), pack-reused 0
To https://github.com/LEVEAN2002/T2401E.git
 * [new branch]      master -> master

D:\GITHUB_T2401E>